// Jest Snapshot v1, https://goo.gl/fbAQLP

exports[`SiteAvailability component tests Should match the snapshot 1`] = `
ShallowWrapper {
  "length": 1,
  Symbol(enzyme.__root__): [Circular],
  Symbol(enzyme.__unrendered__): <SiteAvailability
    campsites={
        Object {
            "1": Object {
              "gaps": Object {
                "0": true,
                "1": true,
                "2": true,
                "3": true,
                "4": true,
                "5": true,
              },
              "name": "Grizzly Adams Adventure Cabin",
            },
          }
    }
    reservations={
        Array [
            Object {
              "campsiteId": 1,
              "endDate": "2016-06-03",
              "startDate": "2016-06-01",
            },
          ]
    }
    search={
        Object {
            "endDate": "2016-06-06",
            "startDate": "2016-06-04",
          }
    }
/>,
  Symbol(enzyme.__renderer__): Object {
    "batchedUpdates": [Function],
    "getNode": [Function],
    "render": [Function],
    "simulateEvent": [Function],
    "unmount": [Function],
  },
  Symbol(enzyme.__node__): Object {
    "instance": null,
    "key": undefined,
    "nodeType": "host",
    "props": Object {
      "children": <div
        className="availabilityDetails"
>
        <h3>
                Availability from 
                <span>
                        2016-06-04
                </span>
                 to 
                <span>
                        2016-06-06
                </span>
        </h3>
        <form
                onSubmit={[Function]}
        >
                <input
                        placeholder="Enter the Desired Gap Size"
                        type="text"
                />
                <input
                        type="submit"
                        value="Highlight Gap Size"
                />
        </form>
        <span>
                Input a valid gap size between 0-5 to highlight reservation availability.
        </span>
        <Availability
                campsites={
                        Object {
                                "1": Object {
                                  "gaps": Object {
                                    "0": true,
                                    "1": true,
                                    "2": true,
                                    "3": true,
                                    "4": true,
                                    "5": true,
                                  },
                                  "name": "Grizzly Adams Adventure Cabin",
                                },
                              }
                }
                gap="unset"
        />
</div>,
      "className": "SiteAvailability",
    },
    "ref": null,
    "rendered": Object {
      "instance": null,
      "key": undefined,
      "nodeType": "host",
      "props": Object {
        "children": Array [
          <h3>
            Availability from 
            <span>
                        2016-06-04
            </span>
             to 
            <span>
                        2016-06-06
            </span>
</h3>,
          <form
            onSubmit={[Function]}
>
            <input
                        placeholder="Enter the Desired Gap Size"
                        type="text"
            />
            <input
                        type="submit"
                        value="Highlight Gap Size"
            />
</form>,
          <span>
            Input a valid gap size between 0-5 to highlight reservation availability.
</span>,
          <Availability
            campsites={
                        Object {
                                    "1": Object {
                                      "gaps": Object {
                                        "0": true,
                                        "1": true,
                                        "2": true,
                                        "3": true,
                                        "4": true,
                                        "5": true,
                                      },
                                      "name": "Grizzly Adams Adventure Cabin",
                                    },
                                  }
            }
            gap="unset"
/>,
        ],
        "className": "availabilityDetails",
      },
      "ref": null,
      "rendered": Array [
        Object {
          "instance": null,
          "key": undefined,
          "nodeType": "host",
          "props": Object {
            "children": Array [
              "Availability from ",
              <span>
                2016-06-04
</span>,
              " to ",
              <span>
                2016-06-06
</span>,
            ],
          },
          "ref": null,
          "rendered": Array [
            "Availability from ",
            Object {
              "instance": null,
              "key": undefined,
              "nodeType": "host",
              "props": Object {
                "children": "2016-06-04",
              },
              "ref": null,
              "rendered": "2016-06-04",
              "type": "span",
            },
            " to ",
            Object {
              "instance": null,
              "key": undefined,
              "nodeType": "host",
              "props": Object {
                "children": "2016-06-06",
              },
              "ref": null,
              "rendered": "2016-06-06",
              "type": "span",
            },
          ],
          "type": "h3",
        },
        Object {
          "instance": null,
          "key": undefined,
          "nodeType": "host",
          "props": Object {
            "children": Array [
              <input
                placeholder="Enter the Desired Gap Size"
                type="text"
/>,
              <input
                type="submit"
                value="Highlight Gap Size"
/>,
            ],
            "onSubmit": [Function],
          },
          "ref": null,
          "rendered": Array [
            Object {
              "instance": null,
              "key": undefined,
              "nodeType": "host",
              "props": Object {
                "placeholder": "Enter the Desired Gap Size",
                "type": "text",
              },
              "ref": [Function],
              "rendered": null,
              "type": "input",
            },
            Object {
              "instance": null,
              "key": undefined,
              "nodeType": "host",
              "props": Object {
                "type": "submit",
                "value": "Highlight Gap Size",
              },
              "ref": null,
              "rendered": null,
              "type": "input",
            },
          ],
          "type": "form",
        },
        Object {
          "instance": null,
          "key": undefined,
          "nodeType": "host",
          "props": Object {
            "children": "Input a valid gap size between 0-5 to highlight reservation availability.",
          },
          "ref": null,
          "rendered": "Input a valid gap size between 0-5 to highlight reservation availability.",
          "type": "span",
        },
        Object {
          "instance": null,
          "key": undefined,
          "nodeType": "function",
          "props": Object {
            "campsites": Object {
              "1": Object {
                "gaps": Object {
                  "0": true,
                  "1": true,
                  "2": true,
                  "3": true,
                  "4": true,
                  "5": true,
                },
                "name": "Grizzly Adams Adventure Cabin",
              },
            },
            "gap": "unset",
          },
          "ref": null,
          "rendered": null,
          "type": [Function],
        },
      ],
      "type": "div",
    },
    "type": "div",
  },
  Symbol(enzyme.__nodes__): Array [
    Object {
      "instance": null,
      "key": undefined,
      "nodeType": "host",
      "props": Object {
        "children": <div
          className="availabilityDetails"
>
          <h3>
                    Availability from 
                    <span>
                              2016-06-04
                    </span>
                     to 
                    <span>
                              2016-06-06
                    </span>
          </h3>
          <form
                    onSubmit={[Function]}
          >
                    <input
                              placeholder="Enter the Desired Gap Size"
                              type="text"
                    />
                    <input
                              type="submit"
                              value="Highlight Gap Size"
                    />
          </form>
          <span>
                    Input a valid gap size between 0-5 to highlight reservation availability.
          </span>
          <Availability
                    campsites={
                              Object {
                                        "1": Object {
                                          "gaps": Object {
                                            "0": true,
                                            "1": true,
                                            "2": true,
                                            "3": true,
                                            "4": true,
                                            "5": true,
                                          },
                                          "name": "Grizzly Adams Adventure Cabin",
                                        },
                                      }
                    }
                    gap="unset"
          />
</div>,
        "className": "SiteAvailability",
      },
      "ref": null,
      "rendered": Object {
        "instance": null,
        "key": undefined,
        "nodeType": "host",
        "props": Object {
          "children": Array [
            <h3>
              Availability from 
              <span>
                            2016-06-04
              </span>
               to 
              <span>
                            2016-06-06
              </span>
</h3>,
            <form
              onSubmit={[Function]}
>
              <input
                            placeholder="Enter the Desired Gap Size"
                            type="text"
              />
              <input
                            type="submit"
                            value="Highlight Gap Size"
              />
</form>,
            <span>
              Input a valid gap size between 0-5 to highlight reservation availability.
</span>,
            <Availability
              campsites={
                            Object {
                                          "1": Object {
                                            "gaps": Object {
                                              "0": true,
                                              "1": true,
                                              "2": true,
                                              "3": true,
                                              "4": true,
                                              "5": true,
                                            },
                                            "name": "Grizzly Adams Adventure Cabin",
                                          },
                                        }
              }
              gap="unset"
/>,
          ],
          "className": "availabilityDetails",
        },
        "ref": null,
        "rendered": Array [
          Object {
            "instance": null,
            "key": undefined,
            "nodeType": "host",
            "props": Object {
              "children": Array [
                "Availability from ",
                <span>
                  2016-06-04
</span>,
                " to ",
                <span>
                  2016-06-06
</span>,
              ],
            },
            "ref": null,
            "rendered": Array [
              "Availability from ",
              Object {
                "instance": null,
                "key": undefined,
                "nodeType": "host",
                "props": Object {
                  "children": "2016-06-04",
                },
                "ref": null,
                "rendered": "2016-06-04",
                "type": "span",
              },
              " to ",
              Object {
                "instance": null,
                "key": undefined,
                "nodeType": "host",
                "props": Object {
                  "children": "2016-06-06",
                },
                "ref": null,
                "rendered": "2016-06-06",
                "type": "span",
              },
            ],
            "type": "h3",
          },
          Object {
            "instance": null,
            "key": undefined,
            "nodeType": "host",
            "props": Object {
              "children": Array [
                <input
                  placeholder="Enter the Desired Gap Size"
                  type="text"
/>,
                <input
                  type="submit"
                  value="Highlight Gap Size"
/>,
              ],
              "onSubmit": [Function],
            },
            "ref": null,
            "rendered": Array [
              Object {
                "instance": null,
                "key": undefined,
                "nodeType": "host",
                "props": Object {
                  "placeholder": "Enter the Desired Gap Size",
                  "type": "text",
                },
                "ref": [Function],
                "rendered": null,
                "type": "input",
              },
              Object {
                "instance": null,
                "key": undefined,
                "nodeType": "host",
                "props": Object {
                  "type": "submit",
                  "value": "Highlight Gap Size",
                },
                "ref": null,
                "rendered": null,
                "type": "input",
              },
            ],
            "type": "form",
          },
          Object {
            "instance": null,
            "key": undefined,
            "nodeType": "host",
            "props": Object {
              "children": "Input a valid gap size between 0-5 to highlight reservation availability.",
            },
            "ref": null,
            "rendered": "Input a valid gap size between 0-5 to highlight reservation availability.",
            "type": "span",
          },
          Object {
            "instance": null,
            "key": undefined,
            "nodeType": "function",
            "props": Object {
              "campsites": Object {
                "1": Object {
                  "gaps": Object {
                    "0": true,
                    "1": true,
                    "2": true,
                    "3": true,
                    "4": true,
                    "5": true,
                  },
                  "name": "Grizzly Adams Adventure Cabin",
                },
              },
              "gap": "unset",
            },
            "ref": null,
            "rendered": null,
            "type": [Function],
          },
        ],
        "type": "div",
      },
      "type": "div",
    },
  ],
  Symbol(enzyme.__options__): Object {
    "adapter": ReactSixteenAdapter {
      "options": Object {
        "enableComponentDidUpdateOnSetState": true,
      },
    },
  },
}
`;
